// Jest Snapshot v1, https://goo.gl/fbAQLP

exports[`Orders routes /Orders/* landing without authentication GET /:id/edit it should render baristas/login 1`] = `"<html><head><title>My Beverage - Login</title><meta charset=\\"utf-8\\"/><link rel=\\"stylesheet\\" type=\\"text/css\\" href=\\"https://cdnjs.cloudflare.com/ajax/libs/bulma/0.7.2/css/bulma.css\\"/><script src=\\"https://cdnjs.cloudflare.com/ajax/libs/jquery/3.3.1/jquery.min.js\\"></script><script src=\\"/javascripts/drinkSearch.js\\"></script></head><body><main class=\\"container is-fluid\\"><div class=\\"section background\\"><div class=\\"columns\\"><div class=\\"column\\"><div class=\\"image\\"><a href=\\"/\\"><img src=\\"/home.jpg\\" alt=\\"nodejs\\" style=\\"width:75px\\"/></a></div></div><div class=\\"column\\"></div><div class=\\"column\\"></div><div class=\\"column\\"></div><div class=\\"column\\"></div></div><div class=\\"columns\\"><div class=\\"column\\"></div><div class=\\"column\\"><h1 class=\\"title\\">Coffee Shop</h1><form action=\\"/baristas/session\\" method=\\"POST\\"><div class=\\"field\\"><div class=\\"control\\"><input class=\\"input\\" name=\\"username\\" placeholder=\\"username\\"/></div></div><div class=\\"field\\"><div class=\\"control\\"><input class=\\"input\\" type=\\"password\\" name=\\"password\\" placeholder=\\"password\\"/></div></div><div class=\\"field\\"><div class=\\"control\\"><button class=\\"button is-link is-fullwidth\\">Login</button></div></div></form></div><div class=\\"column\\"></div></div></div></main></body></html>"`;

exports[`Orders routes /Orders/* landing without authentication GET /orders it should render baristas/login 1`] = `"<html><head><title>My Beverage - Login</title><meta charset=\\"utf-8\\"/><link rel=\\"stylesheet\\" type=\\"text/css\\" href=\\"https://cdnjs.cloudflare.com/ajax/libs/bulma/0.7.2/css/bulma.css\\"/><script src=\\"https://cdnjs.cloudflare.com/ajax/libs/jquery/3.3.1/jquery.min.js\\"></script><script src=\\"/javascripts/drinkSearch.js\\"></script></head><body><main class=\\"container is-fluid\\"><div class=\\"section background\\"><div class=\\"columns\\"><div class=\\"column\\"><div class=\\"image\\"><a href=\\"/\\"><img src=\\"/home.jpg\\" alt=\\"nodejs\\" style=\\"width:75px\\"/></a></div></div><div class=\\"column\\"></div><div class=\\"column\\"></div><div class=\\"column\\"></div><div class=\\"column\\"></div></div><div class=\\"columns\\"><div class=\\"column\\"></div><div class=\\"column\\"><h1 class=\\"title\\">Coffee Shop</h1><form action=\\"/baristas/session\\" method=\\"POST\\"><div class=\\"field\\"><div class=\\"control\\"><input class=\\"input\\" name=\\"username\\" placeholder=\\"username\\"/></div></div><div class=\\"field\\"><div class=\\"control\\"><input class=\\"input\\" type=\\"password\\" name=\\"password\\" placeholder=\\"password\\"/></div></div><div class=\\"field\\"><div class=\\"control\\"><button class=\\"button is-link is-fullwidth\\">Login</button></div></div></form></div><div class=\\"column\\"></div></div></div></main></body></html>"`;

exports[`Orders routes /Orders/* landing without authentication GET /orders/new it should render baristas/login 1`] = `"<html><head><title>My Beverage - Login</title><meta charset=\\"utf-8\\"/><link rel=\\"stylesheet\\" type=\\"text/css\\" href=\\"https://cdnjs.cloudflare.com/ajax/libs/bulma/0.7.2/css/bulma.css\\"/><script src=\\"https://cdnjs.cloudflare.com/ajax/libs/jquery/3.3.1/jquery.min.js\\"></script><script src=\\"/javascripts/drinkSearch.js\\"></script></head><body><main class=\\"container is-fluid\\"><div class=\\"section background\\"><div class=\\"columns\\"><div class=\\"column\\"><div class=\\"image\\"><a href=\\"/\\"><img src=\\"/home.jpg\\" alt=\\"nodejs\\" style=\\"width:75px\\"/></a></div></div><div class=\\"column\\"></div><div class=\\"column\\"></div><div class=\\"column\\"></div><div class=\\"column\\"></div></div><div class=\\"columns\\"><div class=\\"column\\"></div><div class=\\"column\\"><h1 class=\\"title\\">Coffee Shop</h1><form action=\\"/baristas/session\\" method=\\"POST\\"><div class=\\"field\\"><div class=\\"control\\"><input class=\\"input\\" name=\\"username\\" placeholder=\\"username\\"/></div></div><div class=\\"field\\"><div class=\\"control\\"><input class=\\"input\\" type=\\"password\\" name=\\"password\\" placeholder=\\"password\\"/></div></div><div class=\\"field\\"><div class=\\"control\\"><button class=\\"button is-link is-fullwidth\\">Login</button></div></div></form></div><div class=\\"column\\"></div></div></div></main></body></html>"`;

exports[`order_items routes /order_items/* landing without authentication DELETE /order_items/:id it should render baristas/login 1`] = `"<html><head><title>My Beverage - Login</title><meta charset=\\"utf-8\\"/><link rel=\\"stylesheet\\" type=\\"text/css\\" href=\\"https://cdnjs.cloudflare.com/ajax/libs/bulma/0.7.2/css/bulma.css\\"/><script src=\\"https://cdnjs.cloudflare.com/ajax/libs/jquery/3.3.1/jquery.min.js\\"></script><script src=\\"/javascripts/drinkSearch.js\\"></script></head><body><main class=\\"container is-fluid\\"><div class=\\"section background\\"><div class=\\"columns\\"><div class=\\"column\\"><div class=\\"image\\"><a href=\\"/\\"><img src=\\"/home.jpg\\" alt=\\"nodejs\\" style=\\"width:75px\\"/></a></div></div><div class=\\"column\\"></div><div class=\\"column\\"></div><div class=\\"column\\"></div><div class=\\"column\\"></div></div><div class=\\"columns\\"><div class=\\"column\\"></div><div class=\\"column\\"><h1 class=\\"title\\">Coffee Shop</h1><form action=\\"/baristas/session\\" method=\\"POST\\"><div class=\\"field\\"><div class=\\"control\\"><input class=\\"input\\" name=\\"username\\" placeholder=\\"username\\"/></div></div><div class=\\"field\\"><div class=\\"control\\"><input class=\\"input\\" type=\\"password\\" name=\\"password\\" placeholder=\\"password\\"/></div></div><div class=\\"field\\"><div class=\\"control\\"><button class=\\"button is-link is-fullwidth\\">Login</button></div></div></form></div><div class=\\"column\\"></div></div></div></main></body></html>"`;

exports[`order_items routes /order_items/* landing without authentication POST /order_items it should render baristas/login 1`] = `"<html><head><title>My Beverage - Login</title><meta charset=\\"utf-8\\"/><link rel=\\"stylesheet\\" type=\\"text/css\\" href=\\"https://cdnjs.cloudflare.com/ajax/libs/bulma/0.7.2/css/bulma.css\\"/><script src=\\"https://cdnjs.cloudflare.com/ajax/libs/jquery/3.3.1/jquery.min.js\\"></script><script src=\\"/javascripts/drinkSearch.js\\"></script></head><body><main class=\\"container is-fluid\\"><div class=\\"section background\\"><div class=\\"columns\\"><div class=\\"column\\"><div class=\\"image\\"><a href=\\"/\\"><img src=\\"/home.jpg\\" alt=\\"nodejs\\" style=\\"width:75px\\"/></a></div></div><div class=\\"column\\"></div><div class=\\"column\\"></div><div class=\\"column\\"></div><div class=\\"column\\"></div></div><div class=\\"columns\\"><div class=\\"column\\"></div><div class=\\"column\\"><h1 class=\\"title\\">Coffee Shop</h1><form action=\\"/baristas/session\\" method=\\"POST\\"><div class=\\"field\\"><div class=\\"control\\"><input class=\\"input\\" name=\\"username\\" placeholder=\\"username\\"/></div></div><div class=\\"field\\"><div class=\\"control\\"><input class=\\"input\\" type=\\"password\\" name=\\"password\\" placeholder=\\"password\\"/></div></div><div class=\\"field\\"><div class=\\"control\\"><button class=\\"button is-link is-fullwidth\\">Login</button></div></div></form></div><div class=\\"column\\"></div></div></div></main></body></html>"`;
